// Jest Snapshot v1, https://goo.gl/fbAQLP

exports[`测试Button组件 渲染 Disabled Button 1`] = `
<button
  class="btn btn-default"
  disabled=""
>
  Nice
</button>
`;
